[    0.000000] Linux version 4.15.0-76-generic (buildd@lcy01-amd64-029) (gcc version 7.4.0 (Ubuntu 7.4.0-1ubuntu1~18.04.1)) #86-Ubuntu SMP Fri Jan 17 17:24:28 UTC 2020 (Ubuntu 4.15.0-76.86-generic 4.15.18)
[    0.000000] Command line: BOOT_IMAGE=/boot/vmlinuz-4.15.0-76-generic root=UUID=aac03293-c0ac-4bf0-a829-be8d31d9d5f4 ro console=tty1 console=ttyS0
[    0.000000] KERNEL supported cpus:
[    0.000000]   Intel GenuineIntel
[    0.000000]   AMD AuthenticAMD
[    0.000000]   Centaur CentaurHauls
[    0.000000] x86/fpu: Supporting XSAVE feature 0x001: 'x87 floating point registers'
[    0.000000] x86/fpu: Supporting XSAVE feature 0x002: 'SSE registers'
[    0.000000] x86/fpu: Supporting XSAVE feature 0x004: 'AVX registers'
[    0.000000] x86/fpu: xstate_offset[2]:  576, xstate_sizes[2]:  256
[    0.000000] x86/fpu: Enabled xstate features 0x7, context size is 832 bytes, using 'standard' format.
[    0.000000] e820: BIOS-provided physical RAM map:
[    0.000000] BIOS-e820: [mem 0x0000000000000000-0x000000000009fbff] usable
[    0.000000] BIOS-e820: [mem 0x000000000009fc00-0x000000000009ffff] reserved
[    0.000000] BIOS-e820: [mem 0x00000000000f0000-0x00000000000fffff] reserved
[    0.000000] BIOS-e820: [mem 0x0000000000100000-0x000000003ffeffff] usable
[    0.000000] BIOS-e820: [mem 0x000000003fff0000-0x000000003fffffff] ACPI data
[    0.000000] BIOS-e820: [mem 0x00000000fec00000-0x00000000fec00fff] reserved
[    0.000000] BIOS-e820: [mem 0x00000000fee00000-0x00000000fee00fff] reserved
[    0.000000] BIOS-e820: [mem 0x00000000fffc0000-0x00000000ffffffff] reserved
[    0.000000] NX (Execute Disable) protection: active
[    0.000000] SMBIOS 2.5 present.
[    0.000000] DMI: innotek GmbH VirtualBox/VirtualBox, BIOS VirtualBox 12/01/2006
[    0.000000] Hypervisor detected: KVM
[    0.000000] e820: last_pfn = 0x3fff0 max_arch_pfn = 0x400000000
[    0.000000] MTRR: Disabled
[    0.000000] x86/PAT: MTRRs disabled, skipping PAT initialization too.
[    0.000000] CPU MTRRs all blank - virtualized system.
[    0.000000] x86/PAT: Configuration [0-7]: WB  WT  UC- UC  WB  WT  UC- UC  
[    0.000000] found SMP MP-table at [mem 0x0009fff0-0x0009ffff]
[    0.000000] Scanning 1 areas for low memory corruption
[    0.000000] RAMDISK: [mem 0x3595f000-0x36ca6fff]
[    0.000000] ACPI: Early table checksum verification disabled
[    0.000000] ACPI: RSDP 0x00000000000E0000 000024 (v02 VBOX  )
[    0.000000] ACPI: XSDT 0x000000003FFF0030 00003C (v01 VBOX   VBOXXSDT 00000001 ASL  00000061)
[    0.000000] ACPI: FACP 0x000000003FFF00F0 0000F4 (v04 VBOX   VBOXFACP 00000001 ASL  00000061)
[    0.000000] ACPI: DSDT 0x000000003FFF0470 0022EA (v02 VBOX   VBOXBIOS 00000002 INTL 20100528)
[    0.000000] ACPI: FACS 0x000000003FFF0200 000040
[    0.000000] ACPI: FACS 0x000000003FFF0200 000040
[    0.000000] ACPI: APIC 0x000000003FFF0240 00005C (v02 VBOX   VBOXAPIC 00000001 ASL  00000061)
[    0.000000] ACPI: SSDT 0x000000003FFF02A0 0001CC (v01 VBOX   VBOXCPUT 00000002 INTL 20100528)
[    0.000000] No NUMA configuration found
[    0.000000] Faking a node at [mem 0x0000000000000000-0x000000003ffeffff]
[    0.000000] NODE_DATA(0) allocated [mem 0x3ffc5000-0x3ffeffff]
[    0.000000] kvm-clock: cpu 0, msr 0:3ff44001, primary cpu clock
[    0.000000] kvm-clock: Using msrs 4b564d01 and 4b564d00
[    0.000000] kvm-clock: using sched offset of 4728574332 cycles
[    0.000000] clocksource: kvm-clock: mask: 0xffffffffffffffff max_cycles: 0x1cd42e4dffb, max_idle_ns: 881590591483 ns
[    0.000000] Zone ranges:
[    0.000000]   DMA      [mem 0x0000000000001000-0x0000000000ffffff]
[    0.000000]   DMA32    [mem 0x0000000001000000-0x000000003ffeffff]
[    0.000000]   Normal   empty
[    0.000000]   Device   empty
[    0.000000] Movable zone start for each node
[    0.000000] Early memory node ranges
[    0.000000]   node   0: [mem 0x0000000000001000-0x000000000009efff]
[    0.000000]   node   0: [mem 0x0000000000100000-0x000000003ffeffff]
[    0.000000] Reserved but unavailable: 98 pages
[    0.000000] Initmem setup node 0 [mem 0x0000000000001000-0x000000003ffeffff]
[    0.000000] ACPI: PM-Timer IO Port: 0x4008
[    0.000000] IOAPIC[0]: apic_id 2, version 32, address 0xfec00000, GSI 0-23
[    0.000000] ACPI: INT_SRC_OVR (bus 0 bus_irq 0 global_irq 2 dfl dfl)
[    0.000000] ACPI: INT_SRC_OVR (bus 0 bus_irq 9 global_irq 9 low level)
[    0.000000] Using ACPI (MADT) for SMP configuration information
[    0.000000] smpboot: Allowing 2 CPUs, 0 hotplug CPUs
[    0.000000] PM: Registered nosave memory: [mem 0x00000000-0x00000fff]
[    0.000000] PM: Registered nosave memory: [mem 0x0009f000-0x0009ffff]
[    0.000000] PM: Registered nosave memory: [mem 0x000a0000-0x000effff]
[    0.000000] PM: Registered nosave memory: [mem 0x000f0000-0x000fffff]
[    0.000000] e820: [mem 0x40000000-0xfebfffff] available for PCI devices
[    0.000000] Booting paravirtualized kernel on KVM
[    0.000000] clocksource: refined-jiffies: mask: 0xffffffff max_cycles: 0xffffffff, max_idle_ns: 7645519600211568 ns
[    0.000000] random: get_random_bytes called from start_kernel+0x99/0x4fd with crng_init=0
[    0.000000] setup_percpu: NR_CPUS:8192 nr_cpumask_bits:2 nr_cpu_ids:2 nr_node_ids:1
[    0.000000] percpu: Embedded 45 pages/cpu s147456 r8192 d28672 u1048576
[    0.000000] PV qspinlock hash table entries: 256 (order: 0, 4096 bytes)
[    0.000000] Built 1 zonelists, mobility grouping on.  Total pages: 257913
[    0.000000] Policy zone: DMA32
[    0.000000] Kernel command line: BOOT_IMAGE=/boot/vmlinuz-4.15.0-76-generic root=UUID=aac03293-c0ac-4bf0-a829-be8d31d9d5f4 ro console=tty1 console=ttyS0
[    0.000000] Memory: 982536K/1048120K available (12300K kernel code, 2481K rwdata, 4260K rodata, 2428K init, 2704K bss, 65584K reserved, 0K cma-reserved)
[    0.000000] SLUB: HWalign=64, Order=0-3, MinObjects=0, CPUs=2, Nodes=1
[    0.000000] Kernel/User page tables isolation: enabled
[    0.000000] ftrace: allocating 39322 entries in 154 pages
[    0.004000] Hierarchical RCU implementation.
[    0.004000] 	RCU restricting CPUs from NR_CPUS=8192 to nr_cpu_ids=2.
[    0.004000] 	Tasks RCU enabled.
[    0.004000] RCU: Adjusting geometry for rcu_fanout_leaf=16, nr_cpu_ids=2
[    0.004000] NR_IRQS: 524544, nr_irqs: 440, preallocated irqs: 16
[    0.004000] Console: colour VGA+ 80x25
[    0.004000] console [tty1] enabled
[    0.004000] console [ttyS0] enabled
[    0.004000] ACPI: Core revision 20170831
[    0.004000] ACPI: 2 ACPI AML tables successfully acquired and loaded
[    0.004000] APIC: Switch to symmetric I/O mode setup
[    0.004000] x2apic enabled
[    0.004000] Switched APIC routing to physical x2apic.
[    0.005077] ..TIMER: vector=0x30 apic1=0 pin1=2 apic2=-1 pin2=-1
[    0.008002] tsc: Detected 1608.000 MHz processor
[    0.012015] Calibrating delay loop (skipped) preset value.. 3216.00 BogoMIPS (lpj=6432000)
[    0.016009] pid_max: default: 32768 minimum: 301
[    0.020043] Security Framework initialized
[    0.024007] Yama: becoming mindful.
[    0.025504] AppArmor: AppArmor initialized
[    0.032015] Dentry cache hash table entries: 131072 (order: 8, 1048576 bytes)
[    0.036091] Inode-cache hash table entries: 65536 (order: 7, 524288 bytes)
[    0.039047] Mount-cache hash table entries: 2048 (order: 2, 16384 bytes)
[    0.040245] Mountpoint-cache hash table entries: 2048 (order: 2, 16384 bytes)
[    0.044279] Last level iTLB entries: 4KB 64, 2MB 8, 4MB 8
[    0.048008] Last level dTLB entries: 4KB 64, 2MB 0, 4MB 0, 1GB 4
[    0.052010] Spectre V1 : Mitigation: usercopy/swapgs barriers and __user pointer sanitization
[    0.056009] Spectre V2 : Mitigation: Full generic retpoline
[    0.058794] Spectre V2 : Spectre v2 / SpectreRSB mitigation: Filling RSB on context switch
[    0.060013] Speculative Store Bypass: Vulnerable
[    0.064045] MDS: Mitigation: Clear CPU buffers
[    0.068196] Freeing SMP alternatives memory: 36K
[    0.180832] smpboot: CPU0: Intel(R) Core(TM) i5-8210Y CPU @ 1.60GHz (family: 0x6, model: 0x8e, stepping: 0x9)
[    0.184000] Performance Events: unsupported p6 CPU model 142 no PMU driver, software events only.
[    0.184066] Hierarchical SRCU implementation.
[    0.185644] NMI watchdog: Perf event create on CPU 0 failed with -2
[    0.188007] NMI watchdog: Perf NMI watchdog permanently disabled
[    0.192084] smp: Bringing up secondary CPUs ...
[    0.194402] x86: Booting SMP configuration:
[    0.196010] .... node  #0, CPUs:      #1
[    0.004000] kvm-clock: cpu 1, msr 0:3ff44041, secondary cpu clock
[    0.202754] smp: Brought up 1 node, 2 CPUs
[    0.204017] smpboot: Max logical packages: 1
[    0.205642] smpboot: Total of 2 processors activated (6432.00 BogoMIPS)
[    0.208275] devtmpfs: initialized
[    0.212073] x86/mm: Memory block size: 128MB
[    0.213520] evm: security.selinux
[    0.214778] evm: security.SMACK64
[    0.216011] evm: security.SMACK64EXEC
[    0.217897] evm: security.SMACK64TRANSMUTE
[    0.220006] evm: security.SMACK64MMAP
[    0.221152] evm: security.apparmor
[    0.224007] evm: security.ima
[    0.224684] evm: security.capability
[    0.225627] clocksource: jiffies: mask: 0xffffffff max_cycles: 0xffffffff, max_idle_ns: 7645041785100000 ns
[    0.228042] futex hash table entries: 512 (order: 3, 32768 bytes)
[    0.231857] pinctrl core: initialized pinctrl subsystem
[    0.232114] RTC time: 15:40:19, date: 02/19/20
[    0.233631] NET: Registered protocol family 16
[    0.236168] audit: initializing netlink subsys (disabled)
[    0.240133] audit: type=2000 audit(1582126825.364:1): state=initialized audit_enabled=0 res=1
[    0.244038] cpuidle: using governor ladder
[    0.248023] cpuidle: using governor menu
[    0.252072] ACPI: bus type PCI registered
[    0.253599] acpiphp: ACPI Hot Plug PCI Controller Driver version: 0.5
[    0.256266] PCI: Using configuration type 1 for base access
[    0.260318] HugeTLB registered 2.00 MiB page size, pre-allocated 0 pages
[    0.264248] ACPI: Added _OSI(Module Device)
[    0.265337] ACPI: Added _OSI(Processor Device)
[    0.268015] ACPI: Added _OSI(3.0 _SCP Extensions)
[    0.269388] ACPI: Added _OSI(Processor Aggregator Device)
[    0.272023] ACPI: Added _OSI(Linux-Dell-Video)
[    0.273102] ACPI: Added _OSI(Linux-Lenovo-NV-HDMI-Audio)
[    0.276011] ACPI: Added _OSI(Linux-HPI-Hybrid-Graphics)
[    0.280630] ACPI: Executed 1 blocks of module-level executable AML code
[    0.289163] ACPI: Interpreter enabled
[    0.290285] ACPI: (supports S0 S5)
[    0.291525] ACPI: Using IOAPIC for interrupt routing
[    0.292344] PCI: Using host bridge windows from ACPI; if necessary, use "pci=nocrs" and report a bug
[    0.296518] ACPI: Enabled 2 GPEs in block 00 to 07
[    0.308766] ACPI: PCI Root Bridge [PCI0] (domain 0000 [bus 00-ff])
[    0.312062] acpi PNP0A03:00: _OSC: OS supports [ASPM ClockPM Segments MSI]
[    0.317105] acpi PNP0A03:00: _OSC: not requesting OS control; OS requires [ExtendedConfig ASPM ClockPM MSI]
[    0.320027] acpi PNP0A03:00: fail to add MMCONFIG information, can't access extended PCI configuration space under this bridge.
[    0.324830] PCI host bridge to bus 0000:00
[    0.328013] pci_bus 0000:00: root bus resource [io  0x0000-0x0cf7 window]
[    0.332011] pci_bus 0000:00: root bus resource [io  0x0d00-0xffff window]
[    0.333395] pci_bus 0000:00: root bus resource [mem 0x000a0000-0x000bffff window]
[    0.336011] pci_bus 0000:00: root bus resource [mem 0x40000000-0xfdffffff window]
[    0.338090] pci_bus 0000:00: root bus resource [bus 00-ff]
[    0.348081] pci 0000:00:01.1: legacy IDE quirk: reg 0x10: [io  0x01f0-0x01f7]
[    0.352011] pci 0000:00:01.1: legacy IDE quirk: reg 0x14: [io  0x03f6]
[    0.353889] pci 0000:00:01.1: legacy IDE quirk: reg 0x18: [io  0x0170-0x0177]
[    0.355870] pci 0000:00:01.1: legacy IDE quirk: reg 0x1c: [io  0x0376]
[    0.399688] pci 0000:00:07.0: quirk: [io  0x4000-0x403f] claimed by PIIX4 ACPI
[    0.400047] pci 0000:00:07.0: quirk: [io  0x4100-0x410f] claimed by PIIX4 SMB
[    0.434049] ACPI: PCI Interrupt Link [LNKA] (IRQs 5 9 10 *11)
[    0.437230] ACPI: PCI Interrupt Link [LNKB] (IRQs 5 9 *10 11)
[    0.444155] ACPI: PCI Interrupt Link [LNKC] (IRQs 5 *9 10 11)
[    0.448460] ACPI: PCI Interrupt Link [LNKD] (IRQs 5 9 10 *11)
[    0.452718] SCSI subsystem initialized
[    0.456294] pci 0000:00:02.0: vgaarb: setting as boot VGA device
[    0.458596] pci 0000:00:02.0: vgaarb: VGA device added: decodes=io+mem,owns=io+mem,locks=none
[    0.460349] pci 0000:00:02.0: vgaarb: bridge control possible
[    0.464050] vgaarb: loaded
[    0.468168] ACPI: bus type USB registered
[    0.470305] usbcore: registered new interface driver usbfs
[    0.472106] usbcore: registered new interface driver hub
[    0.476085] usbcore: registered new device driver usb
[    0.480106] EDAC MC: Ver: 3.0.0
[    0.484078] PCI: Using ACPI for IRQ routing
[    0.486084] NetLabel: Initializing
[    0.488013] NetLabel:  domain hash size = 128
[    0.488019] NetLabel:  protocols = UNLABELED CIPSOv4 CALIPSO
[    0.490474] NetLabel:  unlabeled traffic allowed by default
[    0.496390] clocksource: Switched to clocksource kvm-clock
[    0.526296] VFS: Disk quotas dquot_6.6.0
[    0.529029] VFS: Dquot-cache hash table entries: 512 (order 0, 4096 bytes)
[    0.531857] AppArmor: AppArmor Filesystem Enabled
[    0.534132] pnp: PnP ACPI init
[    0.536565] pnp: PnP ACPI: found 3 devices
[    0.543883] clocksource: acpi_pm: mask: 0xffffff max_cycles: 0xffffff, max_idle_ns: 2085701024 ns
[    0.548089] NET: Registered protocol family 2
[    0.550031] TCP established hash table entries: 8192 (order: 4, 65536 bytes)
[    0.551939] TCP bind hash table entries: 8192 (order: 5, 131072 bytes)
[    0.555175] TCP: Hash tables configured (established 8192 bind 8192)
[    0.557119] UDP hash table entries: 512 (order: 2, 16384 bytes)
[    0.558434] UDP-Lite hash table entries: 512 (order: 2, 16384 bytes)
[    0.560578] NET: Registered protocol family 1
[    0.561692] pci 0000:00:00.0: Limiting direct PCI/PCI transfers
[    0.563828] pci 0000:00:01.0: Activating ISA DMA hang workarounds
[    0.565957] pci 0000:00:02.0: Video device with shadowed ROM at [mem 0x000c0000-0x000dffff]
[    0.568634] Unpacking initramfs...
[    1.668320] Freeing initrd memory: 19744K
[    1.671223] clocksource: tsc: mask: 0xffffffffffffffff max_cycles: 0x172daa3a18b, max_idle_ns: 440795212390 ns
[    1.678847] platform rtc_cmos: registered platform RTC device (no PNP device found)
[    1.685524] Scanning for low memory corruption every 60 seconds
[    1.692558] Initialise system trusted keyrings
[    1.694864] Key type blacklist registered
[    1.699824] workingset: timestamp_bits=36 max_order=18 bucket_order=0
[    1.705160] zbud: loaded
[    1.709261] squashfs: version 4.0 (2009/01/31) Phillip Lougher
[    1.714440] fuse init (API version 7.26)
[    1.727241] Key type asymmetric registered
[    1.730010] Asymmetric key parser 'x509' registered
[    1.734353] Block layer SCSI generic (bsg) driver version 0.4 loaded (major 246)
[    1.742161] io scheduler noop registered
[    1.746127] io scheduler deadline registered
[    1.749003] io scheduler cfq registered (default)
[    1.753369] ACPI: AC Adapter [AC] (off-line)
[    1.757486] input: Power Button as /devices/LNXSYSTM:00/LNXPWRBN:00/input/input0
[    1.764445] ACPI: Power Button [PWRF]
[    1.766832] input: Sleep Button as /devices/LNXSYSTM:00/LNXSLPBN:00/input/input1
[    1.772934] ACPI: Sleep Button [SLPF]
[    1.776466] Serial: 8250/16550 driver, 32 ports, IRQ sharing enabled
[    1.778231] ACPI: Battery Slot [BAT0] (battery present)
[    1.803550] 00:02: ttyS0 at I/O 0x3f8 (irq = 4, base_baud = 115200) is a 16550A
[    1.849388] Linux agpgart interface v0.103
[    1.860742] loop: module loaded
[    1.876388] scsi host0: ata_piix
[    1.877804] scsi host1: ata_piix
[    1.878993] ata1: PATA max UDMA/33 cmd 0x1f0 ctl 0x3f6 bmdma 0xd000 irq 14
[    1.882076] ata2: PATA max UDMA/33 cmd 0x170 ctl 0x376 bmdma 0xd008 irq 15
[    1.886886] libphy: Fixed MDIO Bus: probed
[    1.888294] tun: Universal TUN/TAP device driver, 1.6
[    1.890819] PPP generic driver version 2.4.2
[    1.893078] ehci_hcd: USB 2.0 'Enhanced' Host Controller (EHCI) Driver
[    1.896477] ehci-pci: EHCI PCI platform driver
[    1.909502] ehci-platform: EHCI generic platform driver
[    1.932902] ohci_hcd: USB 1.1 'Open' Host Controller (OHCI) Driver
[    1.962439] ohci-pci: OHCI PCI platform driver
[    1.970332] ohci-platform: OHCI generic platform driver
[    1.976031] uhci_hcd: USB Universal Host Controller Interface driver
[    2.006413] i8042: PNP: PS/2 Controller [PNP0303:PS2K,PNP0f03:PS2M] at 0x60,0x64 irq 1,12
[    2.019077] serio: i8042 KBD port at 0x60,0x64 irq 1
[    2.023545] serio: i8042 AUX port at 0x60,0x64 irq 12
[    2.027724] mousedev: PS/2 mouse device common for all mice
[    2.034712] input: AT Translated Set 2 keyboard as /devices/platform/i8042/serio0/input/input2
[    2.039044] rtc_cmos rtc_cmos: rtc core: registered rtc_cmos as rtc0
[    2.040958] rtc_cmos rtc_cmos: alarms up to one day, 114 bytes nvram
[    2.051065] i2c /dev entries driver
[    2.053558] device-mapper: uevent: version 1.0.3
[    2.060828] device-mapper: ioctl: 4.37.0-ioctl (2017-09-20) initialised: dm-devel@redhat.com
[    2.063701] ledtrig-cpu: registered to indicate activity on CPUs
[    2.075345] NET: Registered protocol family 10
[    2.089137] Segment Routing with IPv6
[    2.091308] NET: Registered protocol family 17
[    2.097735] Key type dns_resolver registered
[    2.107439] mce: Using 0 MCE banks
[    2.111489] RAS: Correctable Errors collector initialized.
[    2.119055] sched_clock: Marking stable (2119002052, 0)->(2611890108, -492888056)
[    2.123224] registered taskstats version 1
[    2.126081] Loading compiled-in X.509 certificates
[    2.136446] Loaded X.509 cert 'Build time autogenerated kernel key: 665cd2b89e03521f57c41865f552ebce30a0c7fb'
[    2.270993] zswap: loaded using pool lzo/zbud
[    2.281975] Key type big_key registered
[    2.286555] Key type trusted registered
[    2.289646] Key type encrypted registered
[    2.292026] AppArmor: AppArmor sha1 policy hashing enabled
[    2.302279] ima: No TPM chip found, activating TPM-bypass! (rc=-19)
[    2.304437] ima: Allocated hash algorithm: sha1
[    2.305874] evm: HMAC attrs: 0x1
[    2.307146]   Magic number: 8:127:690
[    2.308211] mem mem: hash matches
[    2.310338] rtc_cmos rtc_cmos: setting system clock to 2020-02-19 15:40:21 UTC (1582126821)
[    2.333664] BIOS EDD facility v0.16 2004-Jun-25, 0 devices found
[    2.342898] EDD information not available.
[    2.353860] Freeing unused kernel image memory: 2428K
[    2.372258] Write protecting the kernel read-only data: 20480k
[    2.381374] Freeing unused kernel image memory: 2008K
[    2.388779] Freeing unused kernel image memory: 1884K
[    2.498607] x86/mm: Checked W+X mappings: passed, no W+X pages found.
[    2.508804] x86/mm: Checking user space page tables
[    2.546091] x86/mm: Checked W+X mappings: passed, no W+X pages found.
Loading, please wait...
starting version 237
[    2.654979] e1000: Intel(R) PRO/1000 Network Driver - version 7.3.21-k8-NAPI
[    2.656535] e1000: Copyright (c) 1999-2006 Intel Corporation.
[    2.678055] Fusion MPT base driver 3.04.20
[    2.681749] Copyright (c) 1999-2008 LSI Corporation
[    2.773389] AVX2 version of gcm_enc/dec engaged.
[    2.774867] AES CTR mode by8 optimization enabled
[    2.785133] Fusion MPT SPI Host driver 3.04.20
[    2.790209] vboxvideo: loading out-of-tree module taints kernel.
[    2.791635] vboxvideo: module verification failed: signature and/or required key missing - tainting kernel
[    2.906560] input: ImExPS/2 Generic Explorer Mouse as /devices/platform/i8042/serio1/input/input4
[    3.558099] e1000 0000:00:03.0 eth0: (PCI:33MHz:32-bit) 02:b7:1f:33:e9:24
[    3.560457] e1000 0000:00:03.0 eth0: Intel(R) PRO/1000 Network Connection
[    4.000806] e1000 0000:00:08.0 eth1: (PCI:33MHz:32-bit) 08:00:27:44:6d:fd
[    4.003250] e1000 0000:00:08.0 eth1: Intel(R) PRO/1000 Network Connection
[    4.006697] e1000 0000:00:03.0 enp0s3: renamed from eth0
[    4.008478] mptbase: ioc0: Initiating bringup
[    4.017531] e1000 0000:00:08.0 enp0s8: renamed from eth1
[    4.133056] ioc0: LSI53C1030 A0: Capabilities={Initiator}
[    4.575693] scsi host2: ioc0: LSI53C1030 A0, FwRev=00000000h, Ports=1, MaxQ=256, IRQ=20
[    4.803691] scsi 2:0:0:0: Direct-Access     VBOX     HARDDISK         1.0  PQ: 0 ANSI: 5
[    4.804821] [drm] VRAM 01000000
[    4.808806] [TTM] Zone  kernel: Available graphics memory: 504318 kiB
[    4.824039] [TTM] Initializing pool allocator
[    4.826470] [TTM] Initializing DMA pool allocator
[    4.830099] fbcon: vboxdrmfb (fb0) is primary device
[    4.832775] Console: switching to colour frame buffer device 100x37
[    4.837389] vboxvideo 0000:00:02.0: fb0: vboxdrmfb frame buffer device
[    4.844348] scsi target2:0:0: Beginning Domain Validation
[    4.848068] scsi target2:0:0: Domain Validation skipping write tests
[    4.849941] scsi target2:0:0: Ending Domain Validation
[    4.851010] scsi target2:0:0: asynchronous
[    4.852582] scsi 2:0:1:0: Direct-Access     VBOX     HARDDISK         1.0  PQ: 0 ANSI: 5
[    4.860763] [drm] Initialized vboxvideo 1.0.0 20130823 for 0000:00:02.0 on minor 0
[    4.884399] scsi target2:0:1: Beginning Domain Validation
[    4.886871] random: fast init done
[    4.889550] scsi target2:0:1: Domain Validation skipping write tests
[    4.890906] scsi target2:0:1: Ending Domain Validation
[    4.892210] scsi target2:0:1: asynchronous
[    4.903787] random: systemd-udevd: uninitialized urandom read (16 bytes read)
[    4.906052] random: systemd-udevd: uninitialized urandom read (16 bytes read)
[    4.907500] random: systemd-udevd: uninitialized urandom read (16 bytes read)
[    4.911000] sd 2:0:0:0: Attached scsi generic sg0 type 0
[    4.913639] sd 2:0:0:0: [sda] 20971520 512-byte logical blocks: (10.7 GB/10.0 GiB)
[    4.917567] sd 2:0:0:0: [sda] Write Protect is off
[    4.918960] sd 2:0:1:0: Attached scsi generic sg1 type 0
[    4.919161] sd 2:0:1:0: [sdb] 20480 512-byte logical blocks: (10.5 MB/10.0 MiB)
[    4.923108] sd 2:0:0:0: [sda] Incomplete mode parameter data
[    4.924702] sd 2:0:0:0: [sda] Assuming drive cache: write through
[    4.926452] sd 2:0:1:0: [sdb] Write Protect is off
[    4.931269] sd 2:0:1:0: [sdb] Incomplete mode parameter data
[    4.933162] sd 2:0:1:0: [sdb] Assuming drive cache: write through
[    4.936955]  sda: sda1
[    4.939231] sd 2:0:0:0: [sda] Attached SCSI disk
[    4.941302] sd 2:0:1:0: [sdb] Attached SCSI disk
Begin: Loading essential drivers ... [    5.172200] raid6: sse2x1   gen()  8750 MB/s
[    5.220111] raid6: sse2x1   xor()  6394 MB/s
[    5.268250] raid6: sse2x2   gen() 13231 MB/s
[    5.316231] raid6: sse2x2   xor()  6975 MB/s
[    5.364353] raid6: sse2x4   gen() 11844 MB/s
[    5.412151] raid6: sse2x4   xor()  7791 MB/s
[    5.460335] raid6: avx2x1   gen() 16855 MB/s
[    5.508220] raid6: avx2x1   xor() 12292 MB/s
[    5.560179] raid6: avx2x2   gen() 14209 MB/s
[    5.612611] raid6: avx2x2   xor()  6182 MB/s
[    5.664162] raid6: avx2x4   gen() 21015 MB/s
[    5.712113] raid6: avx2x4   xor() 16291 MB/s
[    5.714384] raid6: using algorithm avx2x4 gen() 21015 MB/s
[    5.716283] raid6: .... xor() 16291 MB/s, rmw enabled
[    5.717691] raid6: using avx2x2 recovery algorithm
[    5.720494] xor: automatically using best checksumming function   avx       
[    5.724058] async_tx: api initialized (async)
done.
Begin: Running /scripts/init-premount ... done.
Begin: Mounting root file system ... Begin: Running /scripts/local-top ... done.
Begin: Running /scripts/local-premount ... [    5.796829] Btrfs loaded, crc32c=crc32c-intel
Scanning for Btrfs filesystems
done.
Warning: fsck not present, so skipping root file system
[    5.849086] EXT4-fs (sda1): INFO: recovery required on readonly filesystem
[    5.851782] EXT4-fs (sda1): write access will be enabled during recovery
[    5.915100] EXT4-fs (sda1): recovery complete
[    5.917780] EXT4-fs (sda1): mounted filesystem with ordered data mode. Opts: (null)
done.
Begin: Running /scripts/local-bottom ... done.
Begin: Running /scripts/init-bottom ... done.
[    6.199918] ip_tables: (C) 2000-2006 Netfilter Core Team
[    6.217906] systemd[1]: systemd 237 running in system mode. (+PAM +AUDIT +SELINUX +IMA +APPARMOR +SMACK +SYSVINIT +UTMP +LIBCRYPTSETUP +GCRYPT +GNUTLS +ACL +XZ +LZ4 +SECCOMP +BLKID +ELFUTILS +KMOD -IDN2 +IDN -PCRE2 default-hierarchy=hybrid)
[    6.223162] systemd[1]: Detected virtualization oracle.
[    6.224424] systemd[1]: Detected architecture x86-64.

Welcome to [1mUbuntu 18.04.3 LTS[0m!

[    6.237842] systemd[1]: Set hostname to <ubuntu-bionic>.
[    6.728049] systemd[1]: Reached target System Time Synchronized.
[[0;32m  OK  [0m] Reached target System Time Synchronized.
[    6.766102] systemd[1]: Created slice User and Session Slice.
[[0;32m  OK  [0m] Created slice User and Session Slice.
[    6.777392] systemd[1]: Set up automount Arbitrary Executable File Formats File System Automount Point.
[[0;32m  OK  [0m] Set up automount Arbitrary Executabâ€¦rmats File System Automount Point.
[    6.797269] systemd[1]: Created slice System Slice.
[[0;32m  OK  [0m] Created slice System Slice.
[    6.812369] systemd[1]: Listening on LVM2 metadata daemon socket.
[[0;32m  OK  [0m] Listening on LVM2 metadata daemon socket.
[    6.820336] systemd[1]: Listening on Device-mapper event daemon FIFOs.
[[0;32m  OK  [0m] Listening on Device-mapper event daemon FIFOs.
[[0;32m  OK  [0m] Listening on Journal Socket (/dev/log).
[[0;32m  OK  [0m] Listening on Journal Audit Socket.
[[0;32m  OK  [0m] Reached target Slices.
[[0;32m  OK  [0m] Listening on Network Service Netlink Socket.
[[0;32m  OK  [0m] Listening on udev Kernel Socket.
[[0;32m  OK  [0m] Created slice system-serial\x2dgetty.slice.
[[0;32m  OK  [0m] Started Forward Password Requests to Wall Directory Watch.
[[0;32m  OK  [0m] Listening on LVM2 poll daemon socket.
[[0;32m  OK  [0m] Listening on udev Control Socket.
[[0;32m  OK  [0m] Listening on Journal Socket.
         Mounting Huge Pages File System...
         Starting Remount Root and Kernel File Systems...
         Starting Create list of required stâ€¦ce nodes for the current kernel...
         Starting Set the console keyboard layout...
         Starting Uncomplicated firewall...
         Mounting Kernel Debug File System...
         Mounting POSIX Message Queue File System...
[[0;32m  OK  [0m] Listening on Syslog Socket.
[    6.904293] EXT4-fs (sda1): re-mounted. Opts: (null)
         Starting Journal Service...
         Starting udev Coldplug all Devices...
         Starting Load Kernel Modules...
[[0;32m  OK  [0m] Listening on /dev/initctl Compatibility Named Pipe.
[[0;32m  OK  [0m] Reached target User and Group Name Lookups.
[[0;32m  OK  [0m] Reached target Swap.
         Starting Monitoring of LVM2 mirrorsâ€¦ng dmeventd or progress polling...
[[0;32m  OK  [0m] Mounted Huge Pages File System.
[[0;32m  OK  [0m] Started Remount Root and Kernel File Systems.
[[0;32m  OK  [0m] Started Create list of required staâ€¦vice nodes for the current kernel.
[[0;32m  OK  [0m] Started Uncomplicated firewall.
[[0;32m  OK  [0m] Mounted Kernel Debug File System.
[[0;32m  OK  [0m] Mounted POSIX Message Queue File System.
[    7.002914] Loading iSCSI transport class v2.0-870.
         Starting Create Static Device Nodes in /dev...
         Starting Load/Save Random Seed...
[[0;32m  OK  [0m] Started LVM2 metadata daemon.
[[0;32m  OK  [0m] Started udev Coldplug all Devices.
[[0;32m  OK  [0m] Started Load/Save Random Seed.
[[0;32m  OK  [0m] Started Journal Service.
         Starting Flush Journal to Persistent Storage...
[    7.113373] iscsi: registered transport (tcp)
[    7.159494] iscsi: registered transport (iser)
[[0;32m  OK  [0m] Started Load Kernel Modules.
         Mounting Kernel Configuration File System...
         Starting Apply Kernel Variables...
         Mounting FUSE Control File System...
[[0;32m  OK  [0m] Mounted Kernel Configuration File System.
[[0;32m  OK  [0m] Mounted FUSE Control File System.
[[0;32m  OK  [0m] Started Create Static Device Nodes in /dev.
         Starting udev Kernel Device Manager...
[    7.201646] systemd-journald[400]: Received request to flush runtime journal from PID 1
[[0;32m  OK  [0m] Started Monitoring of LVM2 mirrors,â€¦sing dmeventd or progress polling.
[[0;32m  OK  [0m] Started Set the console keyboard layout.
[[0;32m  OK  [0m] Reached target Local File Systems (Pre).
[[0;32m  OK  [0m] Reached target Local File Systems.
         Starting Set console font and keymap...
         Starting AppArmor initialization...
         Starting Tell Plymouth To Write Out Runtime Data...
         Starting ebtables ruleset management...
[[0;32m  OK  [0m] Started udev Kernel Device Manager.
[[0;32m  OK  [0m] Started Dispatch Password Requests to Console Directory Watch.
[[0;32m  OK  [0m] Reached target Local Encrypted Volumes.
[[0;32m  OK  [0m] Started Apply Kernel Variables.
[[0;32m  OK  [0m] Started Set console font and keymap.
[[0;32m  OK  [0m] Started Tell Plymouth To Write Out Runtime Data.
[[0;32m  OK  [0m] Started ebtables ruleset management.
[[0;32m  OK  [0m] Started Flush Journal to Persistent Storage.
         Starting Create Volatile Files and Directories...
[[0;32m  OK  [0m] Started Create Volatile Files and Directories.
         Starting Update UTMP about System Boot/Shutdown...
[[0;32m  OK  [0m] Started Update UTMP about System Boot/Shutdown.
[[0;32m  OK  [0m] Started AppArmor initialization.
         Starting Initial cloud-init job (pre-networking)...
[[0;32m  OK  [0m] Found device /dev/ttyS0.
[[0;32m  OK  [0m] Listening on Load/Save RF Kill Switch Status /dev/rfkill Watch.
[   10.236071] cloud-init[513]: Cloud-init v. 19.3-41-gc4735dd3-0ubuntu1~18.04.1 running 'init-local' at Wed, 19 Feb 2020 15:40:29 +0000. Up 9.94 seconds.
[[0;32m  OK  [0m] Started Initial cloud-init job (pre-networking).
[[0;32m  OK  [0m] Reached target Network (Pre).
         Starting Network Service...
[[0;32m  OK  [0m] Started Network Service.
         Starting Wait for Network to be Configured...
         Starting Network Name Resolution...
[[0;32m  OK  [0m] Started Network Name Resolution.
[[0;32m  OK  [0m] Reached target Host and Network Name Lookups.
[[0;32m  OK  [0m] Reached target Network.
[[0;32m  OK  [0m] Started Wait for Network to be Configured.
         Starting Initial cloud-init job (metadata service crawler)...
[   13.542271] cloud-init[705]: Cloud-init v. 19.3-41-gc4735dd3-0ubuntu1~18.04.1 running 'init' at Wed, 19 Feb 2020 15:40:32 +0000. Up 13.33 seconds.
[   13.548683] cloud-init[705]: ci-info: ++++++++++++++++++++++++++++++++++++++Net device info+++++++++++++++++++++++++++++++++++++++
[   13.552965] cloud-init[705]: ci-info: +--------+------+-----------------------------+---------------+--------+-------------------+
[   13.555728] cloud-init[705]: ci-info: | Device |  Up  |           Address           |      Mask     | Scope  |     Hw-Address    |
[   13.558413] cloud-init[705]: ci-info: +--------+------+-----------------------------+---------------+--------+-------------------+
[   13.572540] cloud-init[705]: ci-info: | enp0s3 | True |          10.0.2.15          | 255.255.255.0 | global | 02:b7:1f:33:e9:24 |
[   13.576311] cloud-init[705]: ci-info: | enp0s3 | True |  fe80::b7:1fff:fe33:e924/64 |       .       |  link  | 02:b7:1f:33:e9:24 |
[   13.578990] cloud-init[705]: ci-info: | enp0s8 | True |        192.168.33.10        | 255.255.255.0 | global | 08:00:27:44:6d:fd |
[   13.582057] cloud-init[705]: ci-info: | enp0s8 | True | fe80::a00:27ff:fe44:6dfd/64 |       .       |  link  | 08:00:27:44:6d:fd |
[   13.585209] cloud-init[705]: ci-info: |   lo   | True |          127.0.0.1          |   255.0.0.0   |  host  |         .         |
[   13.587650] cloud-init[705]: ci-info: |   lo   | True |           ::1/128           |       .       |  host  |         .         |
[   13.590428] cloud-init[705]: ci-info: +--------+------+-----------------------------+---------------+--------+-------------------+
[   13.593559] cloud-init[705]: ci-info: +++++++++++++++++++++++++++++Route IPv4 info+++++++++++++++++++++++++++++
[   13.596594] cloud-init[705]: ci-info: +-------+--------------+----------+-----------------+-----------+-------+
[   13.599424] cloud-init[705]: ci-info: | Route | Destination  | Gateway  |     Genmask     | Interface | Flags |
[   13.602594] cloud-init[705]: ci-info: +-------+--------------+----------+-----------------+-----------+-------+
[   13.605010] cloud-init[705]: ci-info: |   0   |   0.0.0.0    | 10.0.2.2 |     0.0.0.0     |   enp0s3  |   UG  |
[   13.616840] cloud-init[705]: ci-info: |   1   |   10.0.2.0   | 0.0.0.0  |  255.255.255.0  |   enp0s3  |   U   |
[   13.619185] cloud-init[705]: ci-info: |   2   |   10.0.2.2   | 0.0.0.0  | 255.255.255.255 |   enp0s3  |   UH  |
[   13.621983] cloud-init[705]: ci-info: |   3   | 192.168.33.0 | 0.0.0.0  |  255.255.255.0  |   enp0s8  |   U   |
[   13.625160] cloud-init[705]: ci-info: +-------+--------------+----------+-----------------+-----------+-------+
[   13.636463] cloud-init[705]: ci-info: +++++++++++++++++++Route IPv6 info+++++++++++++++++++
[   13.638479] cloud-init[705]: ci-info: +-------+-------------+---------+-----------+-------+
[   13.648795] cloud-init[705]: ci-info: | Route | Destination | Gateway | Interface | Flags |
[   13.651074] cloud-init[705]: ci-info: +-------+-------------+---------+-----------+-------+
[   13.653468] cloud-init[705]: ci-info: |   1   |  fe80::/64  |    ::   |   enp0s8  |   U   |
[   13.655790] cloud-init[705]: ci-info: |   2   |  fe80::/64  |    ::   |   enp0s3  |   U   |
[   13.668356] cloud-init[705]: ci-info: |   4   |    local    |    ::   |   enp0s3  |   U   |
[   13.669850] cloud-init[705]: ci-info: |   5   |    local    |    ::   |   enp0s8  |   U   |
[   13.670934] cloud-init[705]: ci-info: |   6   |   ff00::/8  |    ::   |   enp0s8  |   U   |
[   13.672037] cloud-init[705]: ci-info: |   7   |   ff00::/8  |    ::   |   enp0s3  |   U   |
[   13.674605] cloud-init[705]: ci-info: +-------+-------------+---------+-----------+-------+
[[0;32m  OK  [0m] Started Initial cloud-init job (metadata service crawler).
[[0;32m  OK  [0m] Reached target System Initialization.
[[0;32m  OK  [0m] Listening on D-Bus System Message Bus Socket.
[[0;32m  OK  [0m] Started Discard unused blocks once a week.
[[0;32m  OK  [0m] Started ACPI Events Check.
[[0;32m  OK  [0m] Listening on ACPID Listen Socket.
[[0;32m  OK  [0m] Reached target Paths.
[[0;32m  OK  [0m] Started Daily Cleanup of Temporary Directories.
[[0;32m  OK  [0m] Listening on Open-iSCSI iscsid Socket.
         Starting LXD - unix socket.
[[0;32m  OK  [0m] Listening on UUID daemon activation socket.
         Starting Socket activation for snappy daemon.
[[0;32m  OK  [0m] Started Daily apt download activities.
[[0;32m  OK  [0m] Started Daily apt upgrade and clean activities.
[[0;32m  OK  [0m] Started Message of the Day.
[[0;32m  OK  [0m] Reached target Timers.
[[0;32m  OK  [0m] Reached target Cloud-config availability.
[[0;32m  OK  [0m] Reached target Network is Online.
         Starting Availability of block devices...
[[0;32m  OK  [0m] Reached target Remote File Systems (Pre).
[[0;32m  OK  [0m] Reached target Remote File Systems.
[[0;32m  OK  [0m] Listening on LXD - unix socket.
[[0;32m  OK  [0m] Listening on Socket activation for snappy daemon.
[[0;32m  OK  [0m] Started Availability of block devices.
[[0;32m  OK  [0m] Reached target Sockets.
[[0;32m  OK  [0m] Reached target Basic System.
[[0;32m  OK  [0m] Started Regular background program processing daemon.
         Starting LSB: automatic crash report generation...
         Starting Login Service...
         Starting vboxadd.service...
         Starting Dispatcher daemon for systemd-networkd...
         Starting OpenBSD Secure Shell server...
         Starting Message of the Day...
         Starting LSB: Record successful boot for GRUB...
[[0;32m  OK  [0m] Started Deferred execution scheduler.
         Starting Permit User Sessions...
[[0;32m  OK  [0m] Started FUSE filesystem for LXC.
[[0;32m  OK  [0m] Started D-Bus System Message Bus.
         Starting System Logging Service...
         Starting LXD - container startup/shutdown...
[[0;32m  OK  [0m] Started irqbalance daemon.
         Starting Accounts Service...
         Starting Snappy daemon...
[[0;32m  OK  [0m] Started System Logging Service.
[[0;32m  OK  [0m] Started Permit User Sessions.
[[0;32m  OK  [0m] Started Login Service.
[[0;32m  OK  [0m] Started Unattended Upgrades Shutdown.
         Starting Terminate Plymouth Boot Screen...
         Starting Hold until boot process finishes up...
[[0;32m  OK  [0m] Started Hold until boot process finishes up.
         Starting Set console scheme...
[[0;32m  OK  [0m] Started Serial Getty on ttyS0.
[[0;32m  OK  [0m] Started Terminate Plymouth Boot Screen.
[[0;32m  OK  [0m] Started OpenBSD Secure Shell server.
[[0;32m  OK  [0m] Started Set console scheme.
[[0;32m  OK  [0m] Created slice system-getty.slice.
[[0;32m  OK  [0m] Started Getty on tty1.
[[0;32m  OK  [0m] Reached target Login Prompts.
         Starting Authorization Manager...
[[0;32m  OK  [0m] Started LSB: Record successful boot for GRUB.
[[0;32m  OK  [0m] Started LSB: automatic crash report generation.
[[0;32m  OK  [0m] Started LXD - container startup/shutdown.
[[0;32m  OK  [0m] Started Authorization Manager.
[[0;32m  OK  [0m] Started Accounts Service.
[[0;32m  OK  [0m] Started Dispatcher daemon for systemd-networkd.
[[0;32m  OK  [0m] Created slice User Slice of vagrant.
         Starting User Manager for UID 1000...
[[0;32m  OK  [0m] Started Session 1 of user vagrant.
[[0;32m  OK  [0m] Started Snappy daemon.
         Starting Wait until snapd is fully seeded...
[[0;32m  OK  [0m] Started Wait until snapd is fully seeded.
         Starting Apply the settings specified in cloud-config...
[[0;32m  OK  [0m] Started User Manager for UID 1000.
[   19.073200] cloud-init[1043]: Cloud-init v. 19.3-41-gc4735dd3-0ubuntu1~18.04.1 running 'modules:config' at Wed, 19 Feb 2020 15:40:37 +0000. Up 18.49 seconds.
[[0;32m  OK  [0m] Started Apply the settings specified in cloud-config.
[[0;32m  OK  [0m] Started Message of the Day.
[[0;32m  OK  [0m] Started vboxadd.service.
         Starting vboxadd-service.service...
[[0;32m  OK  [0m] Started vboxadd-service.service.
[[0;32m  OK  [0m] Reached target Multi-User System.
         Starting Execute cloud user/final scripts...
[[0;32m  OK  [0m] Reached target Graphical Interface.
         Starting Update UTMP about System Runlevel Changes...
[[0;32m  OK  [0m] Started Update UTMP about System Runlevel Changes.

Ubuntu 18.04.3 LTS ubuntu-bionic ttyS0

ubuntu-bionic login: [   21.862126] cloud-init[1222]: Cloud-init v. 19.3-41-gc4735dd3-0ubuntu1~18.04.1 running 'modules:final' at Wed, 19 Feb 2020 15:40:40 +0000. Up 21.39 seconds.
[   21.881868] cloud-init[1222]: Cloud-init v. 19.3-41-gc4735dd3-0ubuntu1~18.04.1 finished at Wed, 19 Feb 2020 15:40:41 +0000. Datasource DataSourceNoCloud [seed=/dev/sdb][dsmode=net].  Up 21.84 seconds
[27570.169285] e1000 0000:00:03.0 enp0s3: Detected Tx Unit Hang
[27570.169285]   Tx Queue             <0>
[27570.169285]   TDH                  <7b>
[27570.169285]   TDT                  <7f>
[27570.169285]   next_to_use          <7f>
[27570.169285]   next_to_clean        <7b>
[27570.169285] buffer_info[next_to_clean]
[27570.169285]   time_stamp           <100681129>
[27570.169285]   next_to_watch        <7e>
[27570.169285]   jiffies              <10068122a>
[27570.169285]   next_to_watch.status <0>
[27572.177912] e1000 0000:00:03.0 enp0s3: Detected Tx Unit Hang
[27572.177912]   Tx Queue             <0>
[27572.177912]   TDH                  <7b>
[27572.177912]   TDT                  <7f>
[27572.177912]   next_to_use          <7f>
[27572.177912]   next_to_clean        <7b>
[27572.177912] buffer_info[next_to_clean]
[27572.177912]   time_stamp           <100681129>
[27572.177912]   next_to_watch        <7e>
[27572.177912]   jiffies              <100681420>
[27572.177912]   next_to_watch.status <0>
[27574.191596] e1000 0000:00:03.0 enp0s3: Detected Tx Unit Hang
[27574.191596]   Tx Queue             <0>
[27574.191596]   TDH                  <7b>
[27574.191596]   TDT                  <7f>
[27574.191596]   next_to_use          <7f>
[27574.191596]   next_to_clean        <7b>
[27574.191596] buffer_info[next_to_clean]
[27574.191596]   time_stamp           <100681129>
[27574.191596]   next_to_watch        <7e>
[27574.191596]   jiffies              <100681618>
[27574.191596]   next_to_watch.status <0>
[27574.609050] e1000 0000:00:03.0 enp0s3: Reset adapter
