[    0.000000] Linux version 4.15.0-76-generic (buildd@lcy01-amd64-029) (gcc version 7.4.0 (Ubuntu 7.4.0-1ubuntu1~18.04.1)) #86-Ubuntu SMP Fri Jan 17 17:24:28 UTC 2020 (Ubuntu 4.15.0-76.86-generic 4.15.18)
[    0.000000] Command line: BOOT_IMAGE=/boot/vmlinuz-4.15.0-76-generic root=UUID=aac03293-c0ac-4bf0-a829-be8d31d9d5f4 ro console=tty1 console=ttyS0
[    0.000000] KERNEL supported cpus:
[    0.000000]   Intel GenuineIntel
[    0.000000]   AMD AuthenticAMD
[    0.000000]   Centaur CentaurHauls
[    0.000000] x86/fpu: Supporting XSAVE feature 0x001: 'x87 floating point registers'
[    0.000000] x86/fpu: Supporting XSAVE feature 0x002: 'SSE registers'
[    0.000000] x86/fpu: Supporting XSAVE feature 0x004: 'AVX registers'
[    0.000000] x86/fpu: xstate_offset[2]:  576, xstate_sizes[2]:  256
[    0.000000] x86/fpu: Enabled xstate features 0x7, context size is 832 bytes, using 'standard' format.
[    0.000000] e820: BIOS-provided physical RAM map:
[    0.000000] BIOS-e820: [mem 0x0000000000000000-0x000000000009fbff] usable
[    0.000000] BIOS-e820: [mem 0x000000000009fc00-0x000000000009ffff] reserved
[    0.000000] BIOS-e820: [mem 0x00000000000f0000-0x00000000000fffff] reserved
[    0.000000] BIOS-e820: [mem 0x0000000000100000-0x000000003ffeffff] usable
[    0.000000] BIOS-e820: [mem 0x000000003fff0000-0x000000003fffffff] ACPI data
[    0.000000] BIOS-e820: [mem 0x00000000fec00000-0x00000000fec00fff] reserved
[    0.000000] BIOS-e820: [mem 0x00000000fee00000-0x00000000fee00fff] reserved
[    0.000000] BIOS-e820: [mem 0x00000000fffc0000-0x00000000ffffffff] reserved
[    0.000000] NX (Execute Disable) protection: active
[    0.000000] SMBIOS 2.5 present.
[    0.000000] DMI: innotek GmbH VirtualBox/VirtualBox, BIOS VirtualBox 12/01/2006
[    0.000000] Hypervisor detected: KVM
[    0.000000] e820: last_pfn = 0x3fff0 max_arch_pfn = 0x400000000
[    0.000000] MTRR: Disabled
[    0.000000] x86/PAT: MTRRs disabled, skipping PAT initialization too.
[    0.000000] CPU MTRRs all blank - virtualized system.
[    0.000000] x86/PAT: Configuration [0-7]: WB  WT  UC- UC  WB  WT  UC- UC  
[    0.000000] found SMP MP-table at [mem 0x0009fff0-0x0009ffff]
[    0.000000] Scanning 1 areas for low memory corruption
[    0.000000] RAMDISK: [mem 0x3595f000-0x36ca6fff]
[    0.000000] ACPI: Early table checksum verification disabled
[    0.000000] ACPI: RSDP 0x00000000000E0000 000024 (v02 VBOX  )
[    0.000000] ACPI: XSDT 0x000000003FFF0030 00003C (v01 VBOX   VBOXXSDT 00000001 ASL  00000061)
[    0.000000] ACPI: FACP 0x000000003FFF00F0 0000F4 (v04 VBOX   VBOXFACP 00000001 ASL  00000061)
[    0.000000] ACPI: DSDT 0x000000003FFF0470 0022EA (v02 VBOX   VBOXBIOS 00000002 INTL 20100528)
[    0.000000] ACPI: FACS 0x000000003FFF0200 000040
[    0.000000] ACPI: FACS 0x000000003FFF0200 000040
[    0.000000] ACPI: APIC 0x000000003FFF0240 00005C (v02 VBOX   VBOXAPIC 00000001 ASL  00000061)
[    0.000000] ACPI: SSDT 0x000000003FFF02A0 0001CC (v01 VBOX   VBOXCPUT 00000002 INTL 20100528)
[    0.000000] No NUMA configuration found
[    0.000000] Faking a node at [mem 0x0000000000000000-0x000000003ffeffff]
[    0.000000] NODE_DATA(0) allocated [mem 0x3ffc5000-0x3ffeffff]
[    0.000000] kvm-clock: cpu 0, msr 0:3ff44001, primary cpu clock
[    0.000000] kvm-clock: Using msrs 4b564d01 and 4b564d00
[    0.000000] kvm-clock: using sched offset of 5336731959 cycles
[    0.000000] clocksource: kvm-clock: mask: 0xffffffffffffffff max_cycles: 0x1cd42e4dffb, max_idle_ns: 881590591483 ns
[    0.000000] Zone ranges:
[    0.000000]   DMA      [mem 0x0000000000001000-0x0000000000ffffff]
[    0.000000]   DMA32    [mem 0x0000000001000000-0x000000003ffeffff]
[    0.000000]   Normal   empty
[    0.000000]   Device   empty
[    0.000000] Movable zone start for each node
[    0.000000] Early memory node ranges
[    0.000000]   node   0: [mem 0x0000000000001000-0x000000000009efff]
[    0.000000]   node   0: [mem 0x0000000000100000-0x000000003ffeffff]
[    0.000000] Reserved but unavailable: 98 pages
[    0.000000] Initmem setup node 0 [mem 0x0000000000001000-0x000000003ffeffff]
[    0.000000] ACPI: PM-Timer IO Port: 0x4008
[    0.000000] IOAPIC[0]: apic_id 2, version 32, address 0xfec00000, GSI 0-23
[    0.000000] ACPI: INT_SRC_OVR (bus 0 bus_irq 0 global_irq 2 dfl dfl)
[    0.000000] ACPI: INT_SRC_OVR (bus 0 bus_irq 9 global_irq 9 low level)
[    0.000000] Using ACPI (MADT) for SMP configuration information
[    0.000000] smpboot: Allowing 2 CPUs, 0 hotplug CPUs
[    0.000000] PM: Registered nosave memory: [mem 0x00000000-0x00000fff]
[    0.000000] PM: Registered nosave memory: [mem 0x0009f000-0x0009ffff]
[    0.000000] PM: Registered nosave memory: [mem 0x000a0000-0x000effff]
[    0.000000] PM: Registered nosave memory: [mem 0x000f0000-0x000fffff]
[    0.000000] e820: [mem 0x40000000-0xfebfffff] available for PCI devices
[    0.000000] Booting paravirtualized kernel on KVM
[    0.000000] clocksource: refined-jiffies: mask: 0xffffffff max_cycles: 0xffffffff, max_idle_ns: 7645519600211568 ns
[    0.000000] random: get_random_bytes called from start_kernel+0x99/0x4fd with crng_init=0
[    0.000000] setup_percpu: NR_CPUS:8192 nr_cpumask_bits:2 nr_cpu_ids:2 nr_node_ids:1
[    0.000000] percpu: Embedded 45 pages/cpu s147456 r8192 d28672 u1048576
[    0.000000] PV qspinlock hash table entries: 256 (order: 0, 4096 bytes)
[    0.000000] Built 1 zonelists, mobility grouping on.  Total pages: 257913
[    0.000000] Policy zone: DMA32
[    0.000000] Kernel command line: BOOT_IMAGE=/boot/vmlinuz-4.15.0-76-generic root=UUID=aac03293-c0ac-4bf0-a829-be8d31d9d5f4 ro console=tty1 console=ttyS0
[    0.000000] Memory: 982536K/1048120K available (12300K kernel code, 2481K rwdata, 4260K rodata, 2428K init, 2704K bss, 65584K reserved, 0K cma-reserved)
[    0.000000] SLUB: HWalign=64, Order=0-3, MinObjects=0, CPUs=2, Nodes=1
[    0.000000] Kernel/User page tables isolation: enabled
[    0.000000] ftrace: allocating 39322 entries in 154 pages
[    0.004000] Hierarchical RCU implementation.
[    0.004000] 	RCU restricting CPUs from NR_CPUS=8192 to nr_cpu_ids=2.
[    0.004000] 	Tasks RCU enabled.
[    0.004000] RCU: Adjusting geometry for rcu_fanout_leaf=16, nr_cpu_ids=2
[    0.004000] NR_IRQS: 524544, nr_irqs: 440, preallocated irqs: 16
[    0.004000] Console: colour VGA+ 80x25
[    0.004000] console [tty1] enabled
[    0.004000] console [ttyS0] enabled
[    0.004000] ACPI: Core revision 20170831
[    0.004000] ACPI: 2 ACPI AML tables successfully acquired and loaded
[    0.004000] APIC: Switch to symmetric I/O mode setup
[    0.004263] x2apic enabled
[    0.005605] Switched APIC routing to physical x2apic.
[    0.009216] ..TIMER: vector=0x30 apic1=0 pin1=2 apic2=-1 pin2=-1
[    0.012004] tsc: Detected 1608.000 MHz processor
[    0.016013] Calibrating delay loop (skipped) preset value.. 3216.00 BogoMIPS (lpj=6432000)
[    0.018374] pid_max: default: 32768 minimum: 301
[    0.020045] Security Framework initialized
[    0.021730] Yama: becoming mindful.
[    0.024040] AppArmor: AppArmor initialized
[    0.026940] Dentry cache hash table entries: 131072 (order: 8, 1048576 bytes)
[    0.028071] Inode-cache hash table entries: 65536 (order: 7, 524288 bytes)
[    0.030326] Mount-cache hash table entries: 2048 (order: 2, 16384 bytes)
[    0.032020] Mountpoint-cache hash table entries: 2048 (order: 2, 16384 bytes)
[    0.036310] Last level iTLB entries: 4KB 64, 2MB 8, 4MB 8
[    0.040010] Last level dTLB entries: 4KB 64, 2MB 0, 4MB 0, 1GB 4
[    0.044015] Spectre V1 : Mitigation: usercopy/swapgs barriers and __user pointer sanitization
[    0.048011] Spectre V2 : Mitigation: Full generic retpoline
[    0.052007] Spectre V2 : Spectre v2 / SpectreRSB mitigation: Filling RSB on context switch
[    0.056008] Speculative Store Bypass: Vulnerable
[    0.060069] MDS: Mitigation: Clear CPU buffers
[    0.064212] Freeing SMP alternatives memory: 36K
[    0.179594] smpboot: CPU0: Intel(R) Core(TM) i5-8210Y CPU @ 1.60GHz (family: 0x6, model: 0x8e, stepping: 0x9)
[    0.180000] Performance Events: unsupported p6 CPU model 142 no PMU driver, software events only.
[    0.180069] Hierarchical SRCU implementation.
[    0.185385] NMI watchdog: Perf event create on CPU 0 failed with -2
[    0.188009] NMI watchdog: Perf NMI watchdog permanently disabled
[    0.190719] smp: Bringing up secondary CPUs ...
[    0.196704] x86: Booting SMP configuration:
[    0.200012] .... node  #0, CPUs:      #1
[    0.004000] kvm-clock: cpu 1, msr 0:3ff44041, secondary cpu clock
[    0.208134] smp: Brought up 1 node, 2 CPUs
[    0.212010] smpboot: Max logical packages: 1
[    0.216068] smpboot: Total of 2 processors activated (6432.00 BogoMIPS)
[    0.224006] devtmpfs: initialized
[    0.225772] x86/mm: Memory block size: 128MB
[    0.228268] evm: security.selinux
[    0.229619] evm: security.SMACK64
[    0.232009] evm: security.SMACK64EXEC
[    0.233554] evm: security.SMACK64TRANSMUTE
[    0.235548] evm: security.SMACK64MMAP
[    0.236006] evm: security.apparmor
[    0.240007] evm: security.ima
[    0.244006] evm: security.capability
[    0.252094] clocksource: jiffies: mask: 0xffffffff max_cycles: 0xffffffff, max_idle_ns: 7645041785100000 ns
[    0.256036] futex hash table entries: 512 (order: 3, 32768 bytes)
[    0.266107] pinctrl core: initialized pinctrl subsystem
[    0.268205] RTC time:  9:09:29, date: 02/12/20
[    0.272650] NET: Registered protocol family 16
[    0.276146] audit: initializing netlink subsys (disabled)
[    0.280478] audit: type=2000 audit(1581498575.680:1): state=initialized audit_enabled=0 res=1
[    0.284478] cpuidle: using governor ladder
[    0.286331] cpuidle: using governor menu
[    0.288085] ACPI: bus type PCI registered
[    0.289451] acpiphp: ACPI Hot Plug PCI Controller Driver version: 0.5
[    0.292027] PCI: Using configuration type 1 for base access
[    0.296117] HugeTLB registered 2.00 MiB page size, pre-allocated 0 pages
[    0.298423] ACPI: Added _OSI(Module Device)
[    0.300009] ACPI: Added _OSI(Processor Device)
[    0.301581] ACPI: Added _OSI(3.0 _SCP Extensions)
[    0.304012] ACPI: Added _OSI(Processor Aggregator Device)
[    0.305930] ACPI: Added _OSI(Linux-Dell-Video)
[    0.307658] ACPI: Added _OSI(Linux-Lenovo-NV-HDMI-Audio)
[    0.308014] ACPI: Added _OSI(Linux-HPI-Hybrid-Graphics)
[    0.312785] ACPI: Executed 1 blocks of module-level executable AML code
[    0.325117] ACPI: Interpreter enabled
[    0.327070] ACPI: (supports S0 S5)
[    0.328007] ACPI: Using IOAPIC for interrupt routing
[    0.330200] PCI: Using host bridge windows from ACPI; if necessary, use "pci=nocrs" and report a bug
[    0.332482] ACPI: Enabled 2 GPEs in block 00 to 07
[    0.348412] ACPI: PCI Root Bridge [PCI0] (domain 0000 [bus 00-ff])
[    0.352025] acpi PNP0A03:00: _OSC: OS supports [ASPM ClockPM Segments MSI]
[    0.355461] acpi PNP0A03:00: _OSC: not requesting OS control; OS requires [ExtendedConfig ASPM ClockPM MSI]
[    0.356028] acpi PNP0A03:00: fail to add MMCONFIG information, can't access extended PCI configuration space under this bridge.
[    0.365162] PCI host bridge to bus 0000:00
[    0.368044] pci_bus 0000:00: root bus resource [io  0x0000-0x0cf7 window]
[    0.370671] pci_bus 0000:00: root bus resource [io  0x0d00-0xffff window]
[    0.372012] pci_bus 0000:00: root bus resource [mem 0x000a0000-0x000bffff window]
[    0.376021] pci_bus 0000:00: root bus resource [mem 0x40000000-0xfdffffff window]
[    0.380008] pci_bus 0000:00: root bus resource [bus 00-ff]
[    0.388765] pci 0000:00:01.1: legacy IDE quirk: reg 0x10: [io  0x01f0-0x01f7]
[    0.392009] pci 0000:00:01.1: legacy IDE quirk: reg 0x14: [io  0x03f6]
[    0.394736] pci 0000:00:01.1: legacy IDE quirk: reg 0x18: [io  0x0170-0x0177]
[    0.396010] pci 0000:00:01.1: legacy IDE quirk: reg 0x1c: [io  0x0376]
[    0.429585] pci 0000:00:07.0: quirk: [io  0x4000-0x403f] claimed by PIIX4 ACPI
[    0.432030] pci 0000:00:07.0: quirk: [io  0x4100-0x410f] claimed by PIIX4 SMB
[    0.448432] ACPI: PCI Interrupt Link [LNKA] (IRQs 5 9 10 *11)
[    0.450535] ACPI: PCI Interrupt Link [LNKB] (IRQs 5 9 *10 11)
[    0.451957] ACPI: PCI Interrupt Link [LNKC] (IRQs 5 *9 10 11)
[    0.452188] ACPI: PCI Interrupt Link [LNKD] (IRQs 5 9 10 *11)
[    0.456273] SCSI subsystem initialized
[    0.457270] pci 0000:00:02.0: vgaarb: setting as boot VGA device
[    0.457580] pci 0000:00:02.0: vgaarb: VGA device added: decodes=io+mem,owns=io+mem,locks=none
[    0.460007] pci 0000:00:02.0: vgaarb: bridge control possible
[    0.462302] vgaarb: loaded
[    0.464070] ACPI: bus type USB registered
[    0.465775] usbcore: registered new interface driver usbfs
[    0.468043] usbcore: registered new interface driver hub
[    0.471125] usbcore: registered new device driver usb
[    0.472125] EDAC MC: Ver: 3.0.0
[    0.473840] PCI: Using ACPI for IRQ routing
[    0.476492] NetLabel: Initializing
[    0.477825] NetLabel:  domain hash size = 128
[    0.480004] NetLabel:  protocols = UNLABELED CIPSOv4 CALIPSO
[    0.481392] NetLabel:  unlabeled traffic allowed by default
[    0.482763] clocksource: Switched to clocksource kvm-clock
[    0.502497] VFS: Disk quotas dquot_6.6.0
[    0.503921] VFS: Dquot-cache hash table entries: 512 (order 0, 4096 bytes)
[    0.507026] AppArmor: AppArmor Filesystem Enabled
[    0.508245] pnp: PnP ACPI init
[    0.511702] pnp: PnP ACPI: found 3 devices
[    0.528437] clocksource: acpi_pm: mask: 0xffffff max_cycles: 0xffffff, max_idle_ns: 2085701024 ns
[    0.531605] NET: Registered protocol family 2
[    0.533276] TCP established hash table entries: 8192 (order: 4, 65536 bytes)
[    0.534891] TCP bind hash table entries: 8192 (order: 5, 131072 bytes)
[    0.538530] TCP: Hash tables configured (established 8192 bind 8192)
[    0.540090] UDP hash table entries: 512 (order: 2, 16384 bytes)
[    0.541632] UDP-Lite hash table entries: 512 (order: 2, 16384 bytes)
[    0.543432] NET: Registered protocol family 1
[    0.545427] pci 0000:00:00.0: Limiting direct PCI/PCI transfers
[    0.546927] pci 0000:00:01.0: Activating ISA DMA hang workarounds
[    0.549328] pci 0000:00:02.0: Video device with shadowed ROM at [mem 0x000c0000-0x000dffff]
[    0.552801] Unpacking initramfs...
[    0.964734] Freeing initrd memory: 19744K
[    0.966222] clocksource: tsc: mask: 0xffffffffffffffff max_cycles: 0x172daa3a18b, max_idle_ns: 440795212390 ns
[    0.970019] platform rtc_cmos: registered platform RTC device (no PNP device found)
[    0.973243] Scanning for low memory corruption every 60 seconds
[    0.975600] Initialise system trusted keyrings
[    0.977131] Key type blacklist registered
[    0.978445] workingset: timestamp_bits=36 max_order=18 bucket_order=0
[    0.981938] zbud: loaded
[    0.983446] squashfs: version 4.0 (2009/01/31) Phillip Lougher
[    0.985031] fuse init (API version 7.26)
[    0.988771] Key type asymmetric registered
[    0.989778] Asymmetric key parser 'x509' registered
[    0.991156] Block layer SCSI generic (bsg) driver version 0.4 loaded (major 246)
[    0.993795] io scheduler noop registered
[    0.994711] io scheduler deadline registered
[    0.996591] io scheduler cfq registered (default)
[    0.998199] ACPI: AC Adapter [AC] (on-line)
[    0.999617] input: Power Button as /devices/LNXSYSTM:00/LNXPWRBN:00/input/input0
[    1.002331] ACPI: Power Button [PWRF]
[    1.003924] input: Sleep Button as /devices/LNXSYSTM:00/LNXSLPBN:00/input/input1
[    1.006005] ACPI: Sleep Button [SLPF]
[    1.009277] ACPI: Battery Slot [BAT0] (battery present)
[    1.012618] Serial: 8250/16550 driver, 32 ports, IRQ sharing enabled
[    1.037197] 00:02: ttyS0 at I/O 0x3f8 (irq = 4, base_baud = 115200) is a 16550A
[    1.044796] Linux agpgart interface v0.103
[    1.047715] loop: module loaded
[    1.050590] scsi host0: ata_piix
[    1.051947] scsi host1: ata_piix
[    1.053135] ata1: PATA max UDMA/33 cmd 0x1f0 ctl 0x3f6 bmdma 0xd000 irq 14
[    1.055304] ata2: PATA max UDMA/33 cmd 0x170 ctl 0x376 bmdma 0xd008 irq 15
[    1.057136] libphy: Fixed MDIO Bus: probed
[    1.058343] tun: Universal TUN/TAP device driver, 1.6
[    1.060297] PPP generic driver version 2.4.2
[    1.062324] ehci_hcd: USB 2.0 'Enhanced' Host Controller (EHCI) Driver
[    1.065031] ehci-pci: EHCI PCI platform driver
[    1.066774] ehci-platform: EHCI generic platform driver
[    1.068839] ohci_hcd: USB 1.1 'Open' Host Controller (OHCI) Driver
[    1.071607] ohci-pci: OHCI PCI platform driver
[    1.074021] ohci-platform: OHCI generic platform driver
[    1.076315] uhci_hcd: USB Universal Host Controller Interface driver
[    1.078729] i8042: PNP: PS/2 Controller [PNP0303:PS2K,PNP0f03:PS2M] at 0x60,0x64 irq 1,12
[    1.081891] serio: i8042 KBD port at 0x60,0x64 irq 1
[    1.083687] serio: i8042 AUX port at 0x60,0x64 irq 12
[    1.085440] mousedev: PS/2 mouse device common for all mice
[    1.087519] rtc_cmos rtc_cmos: rtc core: registered rtc_cmos as rtc0
[    1.089832] input: AT Translated Set 2 keyboard as /devices/platform/i8042/serio0/input/input2
[    1.092472] rtc_cmos rtc_cmos: alarms up to one day, 114 bytes nvram
[    1.094248] i2c /dev entries driver
[    1.095366] device-mapper: uevent: version 1.0.3
[    1.097124] device-mapper: ioctl: 4.37.0-ioctl (2017-09-20) initialised: dm-devel@redhat.com
[    1.100444] ledtrig-cpu: registered to indicate activity on CPUs
[    1.102789] NET: Registered protocol family 10
[    1.108539] Segment Routing with IPv6
[    1.110221] NET: Registered protocol family 17
[    1.112340] Key type dns_resolver registered
[    1.114545] mce: Using 0 MCE banks
[    1.116614] RAS: Correctable Errors collector initialized.
[    1.118740] sched_clock: Marking stable (1116570838, 0)->(1693990981, -577420143)
[    1.124840] registered taskstats version 1
[    1.126197] Loading compiled-in X.509 certificates
[    1.130386] Loaded X.509 cert 'Build time autogenerated kernel key: 665cd2b89e03521f57c41865f552ebce30a0c7fb'
[    1.133690] zswap: loaded using pool lzo/zbud
[    1.139860] Key type big_key registered
[    1.141481] Key type trusted registered
[    1.144418] Key type encrypted registered
[    1.145746] AppArmor: AppArmor sha1 policy hashing enabled
[    1.147447] ima: No TPM chip found, activating TPM-bypass! (rc=-19)
[    1.149944] ima: Allocated hash algorithm: sha1
[    1.151193] evm: HMAC attrs: 0x1
[    1.152473]   Magic number: 8:445:171
[    1.153567] rtc_cmos rtc_cmos: setting system clock to 2020-02-12 09:09:30 UTC (1581498570)
[    1.156399] BIOS EDD facility v0.16 2004-Jun-25, 0 devices found
[    1.158222] EDD information not available.
[    1.222261] Freeing unused kernel image memory: 2428K
[    1.236667] Write protecting the kernel read-only data: 20480k
[    1.241091] Freeing unused kernel image memory: 2008K
[    1.242850] Freeing unused kernel image memory: 1884K
[    1.252686] x86/mm: Checked W+X mappings: passed, no W+X pages found.
[    1.254883] x86/mm: Checking user space page tables
[    1.267070] x86/mm: Checked W+X mappings: passed, no W+X pages found.
Loading, please wait...
starting version 237
[    1.392861] e1000: Intel(R) PRO/1000 Network Driver - version 7.3.21-k8-NAPI
[    1.397884] e1000: Copyright (c) 1999-2006 Intel Corporation.
[    1.432721] Fusion MPT base driver 3.04.20
[    1.435352] Copyright (c) 1999-2008 LSI Corporation
[    1.496638] AVX2 version of gcm_enc/dec engaged.
[    1.498617] AES CTR mode by8 optimization enabled
[    1.503898] Fusion MPT SPI Host driver 3.04.20
[    1.530732] vboxvideo: loading out-of-tree module taints kernel.
[    1.550257] vboxvideo: module verification failed: signature and/or required key missing - tainting kernel
[    1.660037] input: ImExPS/2 Generic Explorer Mouse as /devices/platform/i8042/serio1/input/input4
[    1.980043] e1000 0000:00:03.0 eth0: (PCI:33MHz:32-bit) 02:b7:1f:33:e9:24
[    1.982393] e1000 0000:00:03.0 eth0: Intel(R) PRO/1000 Network Connection
[    1.985267] mptbase: ioc0: Initiating bringup
[    2.084908] ioc0: LSI53C1030 A0: Capabilities={Initiator}
[    2.391007] scsi host2: ioc0: LSI53C1030 A0, FwRev=00000000h, Ports=1, MaxQ=256, IRQ=20
[    2.561357] scsi 2:0:0:0: Direct-Access     VBOX     HARDDISK         1.0  PQ: 0 ANSI: 5
[    2.562774] [drm] VRAM 01000000
[    2.566083] [TTM] Zone  kernel: Available graphics memory: 504318 kiB
[    2.568310] [TTM] Initializing pool allocator
[    2.569927] [TTM] Initializing DMA pool allocator
[    2.574452] fbcon: vboxdrmfb (fb0) is primary device
[    2.577689] Console: switching to colour frame buffer device 100x37
[    2.583453] vboxvideo 0000:00:02.0: fb0: vboxdrmfb frame buffer device
[    2.600147] [drm] Initialized vboxvideo 1.0.0 20130823 for 0000:00:02.0 on minor 0
[    2.608114] scsi target2:0:0: Beginning Domain Validation
[    2.612281] scsi target2:0:0: Domain Validation skipping write tests
[    2.614050] scsi target2:0:0: Ending Domain Validation
[    2.615911] scsi target2:0:0: asynchronous
[    2.618040] scsi 2:0:1:0: Direct-Access     VBOX     HARDDISK         1.0  PQ: 0 ANSI: 5
[    2.762518] scsi target2:0:1: Beginning Domain Validation
[    2.764969] random: fast init done
[    2.767463] scsi target2:0:1: Domain Validation skipping write tests
[    2.769219] scsi target2:0:1: Ending Domain Validation
[    2.771403] scsi target2:0:1: asynchronous
[    2.777819] random: systemd-udevd: uninitialized urandom read (16 bytes read)
[    2.779858] random: systemd-udevd: uninitialized urandom read (16 bytes read)
[    2.782147] random: systemd-udevd: uninitialized urandom read (16 bytes read)
[    2.784208] sd 2:0:0:0: Attached scsi generic sg0 type 0
[    2.786188] sd 2:0:0:0: [sda] 20971520 512-byte logical blocks: (10.7 GB/10.0 GiB)
[    2.788745] sd 2:0:0:0: [sda] Write Protect is off
[    2.790416] sd 2:0:1:0: [sdb] 20480 512-byte logical blocks: (10.5 MB/10.0 MiB)
[    2.792622] sd 2:0:0:0: [sda] Incomplete mode parameter data
[    2.794431] sd 2:0:0:0: [sda] Assuming drive cache: write through
[    2.796584] sd 2:0:1:0: Attached scsi generic sg1 type 0
[    2.798371] sd 2:0:1:0: [sdb] Write Protect is off
[    2.800412] sd 2:0:1:0: [sdb] Incomplete mode parameter data
[    2.802378] sd 2:0:1:0: [sdb] Assuming drive cache: write through
[    2.809682]  sda: sda1
[    2.812793] sd 2:0:1:0: [sdb] Attached SCSI disk
[    2.816574] sd 2:0:0:0: [sda] Attached SCSI disk
[    3.054714] e1000 0000:00:08.0 eth1: (PCI:33MHz:32-bit) 08:00:27:44:6d:fd
[    3.057785] e1000 0000:00:08.0 eth1: Intel(R) PRO/1000 Network Connection
[    3.062086] e1000 0000:00:08.0 enp0s8: renamed from eth1
[    3.079909] e1000 0000:00:03.0 enp0s3: renamed from eth0
Begin: Loading essential drivers ... [    3.268075] raid6: sse2x1   gen()  8630 MB/s
[    3.316095] raid6: sse2x1   xor()  6043 MB/s
[    3.364049] raid6: sse2x2   gen() 10710 MB/s
[    3.412032] raid6: sse2x2   xor()  7449 MB/s
[    3.460112] raid6: sse2x4   gen() 12125 MB/s
[    3.508168] raid6: sse2x4   xor()  7587 MB/s
[    3.556497] raid6: avx2x1   gen() 13770 MB/s
[    3.604169] raid6: avx2x1   xor() 10912 MB/s
[    3.652148] raid6: avx2x2   gen() 17385 MB/s
[    3.700454] raid6: avx2x2   xor()  9836 MB/s
[    3.748102] raid6: avx2x4   gen() 11523 MB/s
[    3.796352] raid6: avx2x4   xor()  7251 MB/s
[    3.798376] raid6: using algorithm avx2x2 gen() 17385 MB/s
[    3.801095] raid6: .... xor() 9836 MB/s, rmw enabled
[    3.803693] raid6: using avx2x2 recovery algorithm
[    3.809854] xor: automatically using best checksumming function   avx       
[    3.815666] async_tx: api initialized (async)
done.
Begin: Running /scripts/init-premount ... done.
Begin: Mounting root file system ... Begin: Running /scripts/local-top ... done.
Begin: Running /scripts/local-premount ... [    3.881734] Btrfs loaded, crc32c=crc32c-intel
Scanning for Btrfs filesystems
done.
Warning: fsck not present, so skipping root file system
[    3.919548] EXT4-fs (sda1): INFO: recovery required on readonly filesystem
[    3.922090] EXT4-fs (sda1): write access will be enabled during recovery
[    4.151418] EXT4-fs (sda1): orphan cleanup on readonly fs
[    4.154307] EXT4-fs (sda1): 6 orphan inodes deleted
[    4.156480] EXT4-fs (sda1): recovery complete
[    4.159757] EXT4-fs (sda1): mounted filesystem with ordered data mode. Opts: (null)
done.
Begin: Running /scripts/local-bottom ... done.
Begin: Running /scripts/init-bottom ... done.
[    4.387528] ip_tables: (C) 2000-2006 Netfilter Core Team
[    4.405607] systemd[1]: systemd 237 running in system mode. (+PAM +AUDIT +SELINUX +IMA +APPARMOR +SMACK +SYSVINIT +UTMP +LIBCRYPTSETUP +GCRYPT +GNUTLS +ACL +XZ +LZ4 +SECCOMP +BLKID +ELFUTILS +KMOD -IDN2 +IDN -PCRE2 default-hierarchy=hybrid)
[    4.413133] systemd[1]: Detected virtualization oracle.
[    4.415162] systemd[1]: Detected architecture x86-64.

Welcome to [1mUbuntu 18.04.3 LTS[0m!

[    4.437749] systemd[1]: Set hostname to <ubuntu-bionic>.
[    4.930216] systemd[1]: Reached target User and Group Name Lookups.
[[0;32m  OK  [0m] Reached target User and Group Name Lookups.
[    4.937302] systemd[1]: Started Forward Password Requests to Wall Directory Watch.
[[0;32m  OK  [0m] Started Forward Password Requests to Wall Directory Watch.
[    4.945488] systemd[1]: Reached target Swap.
[[0;32m  OK  [0m] Reached target Swap.
[    4.949979] systemd[1]: Set up automount Arbitrary Executable File Formats File System Automount Point.
[[0;32m  OK  [0m] Set up automount Arbitrary Executabâ€¦rmats File System Automount Point.
[    4.964262] systemd[1]: Created slice System Slice.
[[0;32m  OK  [0m] Created slice System Slice.
[    4.968759] systemd[1]: Listening on Network Service Netlink Socket.
[[0;32m  OK  [0m] Listening on Network Service Netlink Socket.
[[0;32m  OK  [0m] Listening on /dev/initctl Compatibility Named Pipe.
[[0;32m  OK  [0m] Listening on LVM2 poll daemon socket.
[[0;32m  OK  [0m] Listening on Journal Socket.
         Mounting Huge Pages File System...
         Starting Set the console keyboard layout...
         Starting Uncomplicated firewall...
         Mounting POSIX Message Queue File System...
         Starting Create list of required stâ€¦ce nodes for the current kernel...
[[0;32m  OK  [0m] Listening on Device-mapper event daemon FIFOs.
[[0;32m  OK  [0m] Listening on Journal Socket (/dev/log).
[[0;32m  OK  [0m] Listening on LVM2 metadata daemon socket.
         Starting Monitoring of LVM2 mirrorsâ€¦ng dmeventd or progress polling...
[[0;32m  OK  [0m] Listening on udev Kernel Socket.
[[0;32m  OK  [0m] Reached target System Time Synchronized.
[[0;32m  OK  [0m] Listening on Journal Audit Socket.
[[0;32m  OK  [0m] Created slice User and Session Slice.
[[0;32m  OK  [0m] Reached target Slices.
         Mounting Kernel Debug File System...
[[0;32m  OK  [0m] Listening on udev Control Socket.
         Starting udev Coldplug all Devices...
         Starting Remount Root and Kernel File Systems...
         Starting Load Kernel Modules...
[[0;32m  OK  [0m] Listening on Syslog Socket.
         Starting Journal Service...
[[0;32m  OK  [0m] Created slice system-serial\x2dgetty.slice.
[[0;32m  OK  [0m] Mounted Huge Pages File System.
[[0;32m  OK  [0m] Started Uncomplicated firewall.
[[0;32m  OK  [0m] Mounted POSIX Message Queue File System.
[[0;32m  OK  [0m] Started Create list of required staâ€¦vice nodes for the current kernel.
[[0;32m  OK  [0m] Mounted Kernel Debug File System.
         Starting Create Static Device Nodes in /dev...
[    5.146946] EXT4-fs (sda1): re-mounted. Opts: (null)
[[0;32m  OK  [0m] Started Remount Root and Kernel File Systems.
         Starting Load/Save Random Seed...
[[0;32m  OK  [0m] Started LVM2 metadata daemon.
[[0;32m  OK  [0m] Started Load/Save Random Seed.
[    5.193043] Loading iSCSI transport class v2.0-870.
[[0;32m  OK  [0m] Started Create Static Device Nodes in /dev.
         Starting udev Kernel Device Manager...
[[0;32m  OK  [0m] Started Set the console keyboard layout.
[[0;32m  OK  [0m] Started udev Coldplug all Devices.
[    5.265959] iscsi: registered transport (tcp)
[[0;32m  OK  [0m] Started Journal Service.
         Starting Flush Journal to Persistent Storage...
[[0;32m  OK  [0m] Started Monitoring of LVM2 mirrors,â€¦sing dmeventd or progress polling.
[[0;32m  OK  [0m] Reached target Local File Systems (Pre).
[[0;32m  OK  [0m] Reached target Local File Systems.
         Starting AppArmor initialization...
         Starting Set console font and keymap...
         Starting ebtables ruleset management...
         Starting Tell Plymouth To Write Out Runtime Data...
[[0;32m  OK  [0m] Started udev Kernel Device Manager.
[[0;32m  OK  [0m] Started Dispatch Password Requests to Console Directory Watch.
[[0;32m  OK  [0m] Reached target Local Encrypted Volumes.
[    5.381176] iscsi: registered transport (iser)
[[0;32m  OK  [0m] Started Load Kernel Modules.
         Mountin[    5.389809] systemd-journald[406]: Received request to flush runtime journal from PID 1
g Kernel Configuration File System...
         Starting Apply Kernel Variables...
         Mounting FUSE Control File System...
[[0;32m  OK  [0m] Mounted Kernel Configuration File System.
[[0;32m  OK  [0m] Mounted FUSE Control File System.
[[0;32m  OK  [0m] Started Set console font and keymap.
[[0;32m  OK  [0m] Started Tell Plymouth To Write Out Runtime Data.
[[0;32m  OK  [0m] Started Apply Kernel Variables.
[[0;32m  OK  [0m] Started Flush Journal to Persistent Storage.
         Starting Create Volatile Files and Directories...
[[0;32m  OK  [0m] Started ebtables ruleset management.
[[0;32m  OK  [0m] Started Create Volatile Files and Directories.
         Starting Update UTMP about System Boot/Shutdown...
[[0;32m  OK  [0m] Started Update UTMP about System Boot/Shutdown.
[[0;32m  OK  [0m] Found device /dev/ttyS0.
[[0;32m  OK  [0m] Started AppArmor initialization.
         Starting Initial cloud-init job (pre-networking)...
[[0;32m  OK  [0m] Listening on Load/Save RF Kill Switch Status /dev/rfkill Watch.
[    8.271865] cloud-init[523]: Cloud-init v. 19.3-41-gc4735dd3-0ubuntu1~18.04.1 running 'init-local' at Wed, 12 Feb 2020 09:09:37 +0000. Up 7.97 seconds.
[[0;32m  OK  [0m] Started Initial cloud-init job (pre-networking).
[[0;32m  OK  [0m] Reached target Network (Pre).
         Starting Network Service...
[[0;32m  OK  [0m] Started Network Service.
         Starting Wait for Network to be Configured...
         Starting Network Name Resolution...
[[0;32m  OK  [0m] Started Network Name Resolution.
[[0;32m  OK  [0m] Reached target Host and Network Name Lookups.
[[0;32m  OK  [0m] Reached target Network.
[[0;32m  OK  [0m] Started Wait for Network to be Configured.
         Starting Initial cloud-init job (metadata service crawler)...
[   11.906400] cloud-init[695]: Cloud-init v. 19.3-41-gc4735dd3-0ubuntu1~18.04.1 running 'init' at Wed, 12 Feb 2020 09:09:40 +0000. Up 11.43 seconds.
[   11.911598] cloud-init[695]: ci-info: ++++++++++++++++++++++++++++++++++++++Net device info+++++++++++++++++++++++++++++++++++++++
[   11.914941] cloud-init[695]: ci-info: +--------+------+-----------------------------+---------------+--------+-------------------+
[   11.918684] cloud-init[695]: ci-info: | Device |  Up  |           Address           |      Mask     | Scope  |     Hw-Address    |
[   11.922533] cloud-init[695]: ci-info: +--------+------+-----------------------------+---------------+--------+-------------------+
[   11.927226] cloud-init[695]: ci-info: | enp0s3 | True |          10.0.2.15          | 255.255.255.0 | global | 02:b7:1f:33:e9:24 |
[   11.931441] cloud-init[695]: ci-info: | enp0s3 | True |  fe80::b7:1fff:fe33:e924/64 |       .       |  link  | 02:b7:1f:33:e9:24 |
[   11.945535] cloud-init[695]: ci-info: | enp0s8 | True |        192.168.33.10        | 255.255.255.0 | global | 08:00:27:44:6d:fd |
[   11.949445] cloud-init[695]: ci-info: | enp0s8 | True | fe80::a00:27ff:fe44:6dfd/64 |       .       |  link  | 08:00:27:44:6d:fd |
[   11.954081] cloud-init[695]: ci-info: |   lo   | True |          127.0.0.1          |   255.0.0.0   |  host  |         .         |
[   11.958027] cloud-init[695]: ci-info: |   lo   | True |           ::1/128           |       .       |  host  |         .         |
[   11.962033] cloud-init[695]: ci-info: +--------+------+-----------------------------+---------------+--------+-------------------+
[   11.966857] cloud-init[695]: ci-info: +++++++++++++++++++++++++++++Route IPv4 info+++++++++++++++++++++++++++++
[   11.970770] cloud-init[695]: ci-info: +-------+--------------+----------+-----------------+-----------+-------+
[   11.973957] cloud-init[695]: ci-info: | Route | Destination  | Gateway  |     Genmask     | Interface | Flags |
[   11.979813] cloud-init[695]: ci-info: +-------+--------------+----------+-----------------+-----------+-------+
[   11.983590] cloud-init[695]: ci-info: |   0   |   0.0.0.0    | 10.0.2.2 |     0.0.0.0     |   enp0s3  |   UG  |
[   11.987038] cloud-init[695]: ci-info: |   1   |   10.0.2.0   | 0.0.0.0  |  255.255.255.0  |   enp0s3  |   U   |
[   11.990412] cloud-init[695]: ci-info: |   2   |   10.0.2.2   | 0.0.0.0  | 255.255.255.255 |   enp0s3  |   UH  |
[   11.993817] cloud-init[695]: ci-info: |   3   | 192.168.33.0 | 0.0.0.0  |  255.255.255.0  |   enp0s8  |   U   |
[   11.997412] cloud-init[695]: ci-info: +-------+--------------+----------+-----------------+-----------+-------+
[   12.002384] cloud-init[695]: ci-info: +++++++++++++++++++Route IPv6 info+++++++++++++++++++
[   12.020546] cloud-init[695]: ci-info: +-------+-------------+---------+-----------+-------+
[   12.026018] cloud-init[695]: ci-info: | Route | Destination | Gateway | Interface | Flags |
[   12.030051] cloud-init[695]: ci-info: +-------+-------------+---------+-----------+-------+
[   12.035230] cloud-init[695]: ci-info: |   1   |  fe80::/64  |    ::   |   enp0s8  |   U   |
[   12.040248] cloud-init[695]: ci-info: |   2   |  fe80::/64  |    ::   |   enp0s3  |   U   |
[   12.042571] cloud-init[695]: ci-info: |   4   |    local    |    ::   |   enp0s3  |   U   |
[   12.044018] cloud-init[695]: ci-info: |   5   |    local    |    ::   |   enp0s8  |   U   |
[   12.045603] cloud-init[695]: ci-info: |   6   |   ff00::/8  |    ::   |   enp0s8  |   U   |
[   12.056499] cloud-init[695]: ci-info: |   7   |   ff00::/8  |    ::   |   enp0s3  |   U   |
[   12.059078] cloud-init[695]: ci-info: +-------+-------------+---------+-----------+-------+
[[0;32m  OK  [0m] Started Initial cloud-init job (metadata service crawler).
[[0;32m  OK  [0m] Reached target Cloud-config availability.
[[0;32m  OK  [0m] Reached target System Initialization.
[[0;32m  OK  [0m] Started Message of the Day.
         Starting LXD - unix socket.
[[0;32m  OK  [0m] Listening on UUID daemon activation socket.
[[0;32m  OK  [0m] Started Daily Cleanup of Temporary Directories.
[[0;32m  OK  [0m] Listening on ACPID Listen Socket.
[[0;32m  OK  [0m] Listening on Open-iSCSI iscsid Socket.
[[0;32m  OK  [0m] Started Discard unused blocks once a week.
         Starting Socket activation for snappy daemon.
[[0;32m  OK  [0m] Started Daily apt download activities.
[[0;32m  OK  [0m] Started Daily apt upgrade and clean activities.
[[0;32m  OK  [0m] Reached target Timers.
[[0;32m  OK  [0m] Listening on D-Bus System Message Bus Socket.
[[0;32m  OK  [0m] Started ACPI Events Check.
[[0;32m  OK  [0m] Reached target Paths.
[[0;32m  OK  [0m] Reached target Network is Online.
         Starting Availability of block devices...
[[0;32m  OK  [0m] Reached target Remote File Systems (Pre).
[[0;32m  OK  [0m] Reached target Remote File Systems.
[[0;32m  OK  [0m] Listening on LXD - unix socket.
[[0;32m  OK  [0m] Listening on Socket activation for snappy daemon.
[[0;32m  OK  [0m] Started Availability of block devices.
[[0;32m  OK  [0m] Reached target Sockets.
[[0;32m  OK  [0m] Reached target Basic System.
         Starting Permit User Sessions...
[[0;32m  OK  [0m] Started FUSE filesystem for LXC.
         Starting Login Service...
         Starting Message of the Day...
         Starting Accounts Service...
         Starting LSB: automatic crash report generation...
         Starting OpenBSD Secure Shell server...
[[0;32m  OK  [0m] Started irqbalance daemon.
         Starting Dispatcher daemon for systemd-networkd...
[[0;32m  OK  [0m] Started Regular background program processing daemon.
         Starting System Logging Service...
         Starting vboxadd.service...
[[0;32m  OK  [0m] Started D-Bus System Message Bus.
[[0;32m  OK  [0m] Started Login Service.
[[0;32m  OK  [0m] Started Unattended Upgrades Shutdown.
[[0;32m  OK  [0m] Started Deferred execution scheduler.
         Starting Snappy daemon...
         Starting LSB: Record successful boot for GRUB...
         Starting LXD - container startup/shutdown...
[[0;32m  OK  [0m] Started System Logging Service.
[[0;32m  OK  [0m] Started Permit User Sessions.
         Starting Hold until boot process finishes up...
         Starting Terminate Plymouth Boot Screen...
[[0;32m  OK  [0m] Started Hold until boot process finishes up.
[[0;32m  OK  [0m] Started Serial Getty on ttyS0.
         Starting Set console scheme...
[[0;32m  OK  [0m] Started Terminate Plymouth Boot Screen.
[[0;32m  OK  [0m] Started OpenBSD Secure Shell server.
[[0;32m  OK  [0m] Started Set console scheme.
[[0;32m  OK  [0m] Created slice system-getty.slice.
[[0;32m  OK  [0m] Started Getty on tty1.
[[0;32m  OK  [0m] Reached target Login Prompts.
         Starting Authorization Manager...
[[0;32m  OK  [0m] Started LSB: automatic crash report generation.
[[0;32m  OK  [0m] Started LXD - container startup/shutdown.
[[0;32m  OK  [0m] Started LSB: Record successful boot for GRUB.
[[0;32m  OK  [0m] Started Authorization Manager.
[[0;32m  OK  [0m] Started Accounts Service.
[[0;32m  OK  [0m] Created slice User Slice of vagrant.
         Starting User Manager for UID 1000...
[[0;32m  OK  [0m] Started Session 1 of user vagrant.
[[0;32m  OK  [0m] Started Snappy daemon.
         Starting Wait until snapd is fully seeded...
[[0;32m  OK  [0m] Started Dispatcher daemon for systemd-networkd.
[[0;32m  OK  [0m] Started Wait until snapd is fully seeded.
         Starting Apply the settings specified in cloud-config...
[[0;32m  OK  [0m] Started User Manager for UID 1000.
[   16.597616] cloud-init[1011]: Cloud-init v. 19.3-41-gc4735dd3-0ubuntu1~18.04.1 running 'modules:config' at Wed, 12 Feb 2020 09:09:45 +0000. Up 15.95 seconds.
[[0;32m  OK  [0m] Started Apply the settings specified in cloud-config.
[[0;32m  OK  [0m] Started vboxadd.service.
         Starting vboxadd-service.service...
[[0;32m  OK  [0m] Started vboxadd-service.service.
[[0;32m  OK  [0m] Reached target Multi-User System.
         Starting Execute cloud user/final scripts...
[[0;32m  OK  [0m] Reached target Graphical Interface.
         Starting Update UTMP about System Runlevel Changes...
[[0;32m  OK  [0m] Started Update UTMP about System Runlevel Changes.
[   18.460417] cloud-init[1170]: Cloud-init v. 19.3-41-gc4735dd3-0ubuntu1~18.04.1 running 'modules:final' at Wed, 12 Feb 2020 09:09:47 +0000. Up 18.12 seconds.
[   18.466836] cloud-init[1170]: Cloud-init v. 19.3-41-gc4735dd3-0ubuntu1~18.04.1 finished at Wed, 12 Feb 2020 09:09:47 +0000. Datasource DataSourceNoCloud [seed=/dev/sdb][dsmode=net].  Up 18.44 seconds

Ubuntu 18.04.3 LTS ubuntu-bionic ttyS0

ubuntu-bionic login: 